// Jest Snapshot v1, https://goo.gl/fbAQLP

exports[`Home page matches snapshot 1`] = `
<DocumentFragment>
  <div
    class="MuiGrid-root makeStyles-container-1 MuiGrid-container"
  >
    <div
      class="MuiGrid-root MuiGrid-item MuiGrid-grid-xs-12"
    >
      <div
        class="MuiBox-root MuiBox-root-5 makeStyles-carouselContainer-3"
      >
        <div
          class="Carousel-root-6 makeStyles-carousel-4"
        >
          <div
            class="CarouselItem"
          >
            <div
              style="opacity: 1; webkit-transition: opacity 500ms cubic-bezier(0.4, 0, 0.2, 1) 0ms; transition: opacity 500ms cubic-bezier(0.4, 0, 0.2, 1) 0ms;"
            >
              <div
                class="MuiPaper-root makeStyles-root-18 makeStyles-root-20 MuiPaper-elevation1 MuiPaper-rounded"
              >
                <div
                  class="makeStyles-text-19"
                >
                  It's a simple three step process
                </div>
              </div>
            </div>
          </div>
          <div
            class="Carousel-buttonWrapper-11 Carousel-fullHeightHoverWrapper-12  Carousel-next-16"
          >
            <button
              aria-label="Next"
              class="MuiButtonBase-root MuiIconButton-root Carousel-button-15 Carousel-buttonHidden-14 undefined "
              tabindex="0"
              type="button"
            >
              <span
                class="MuiIconButton-label"
              >
                <svg
                  aria-hidden="true"
                  class="MuiSvgIcon-root"
                  focusable="false"
                  viewBox="0 0 24 24"
                >
                  <path
                    d="M10 6L8.59 7.41 13.17 12l-4.58 4.59L10 18l6-6z"
                  />
                </svg>
              </span>
              <span
                class="MuiTouchRipple-root"
              />
            </button>
          </div>
          <div
            class="Carousel-buttonWrapper-11 Carousel-fullHeightHoverWrapper-12  Carousel-prev-17"
          >
            <button
              aria-label="Previous"
              class="MuiButtonBase-root MuiIconButton-root Carousel-button-15 Carousel-buttonHidden-14 undefined "
              tabindex="0"
              type="button"
            >
              <span
                class="MuiIconButton-label"
              >
                <svg
                  aria-hidden="true"
                  class="MuiSvgIcon-root"
                  focusable="false"
                  viewBox="0 0 24 24"
                >
                  <path
                    d="M15.41 7.41L14 6l-6 6 6 6 1.41-1.41L10.83 12z"
                  />
                </svg>
              </span>
              <span
                class="MuiTouchRipple-root"
              />
            </button>
          </div>
          <div
            class="Carousel-indicators-7 "
          >
            <button
              class="MuiButtonBase-root MuiIconButton-root Carousel-indicator-8  Carousel-active-10  MuiIconButton-sizeSmall"
              tabindex="0"
              type="button"
            >
              <span
                class="MuiIconButton-label"
              >
                <svg
                  aria-hidden="true"
                  class="MuiSvgIcon-root Carousel-indicatorIcon-9"
                  focusable="false"
                  viewBox="0 0 24 24"
                >
                  <circle
                    cx="12"
                    cy="12"
                    r="8"
                  />
                </svg>
              </span>
              <span
                class="MuiTouchRipple-root"
              />
            </button>
            <button
              class="MuiButtonBase-root MuiIconButton-root Carousel-indicator-8  MuiIconButton-sizeSmall"
              tabindex="0"
              type="button"
            >
              <span
                class="MuiIconButton-label"
              >
                <svg
                  aria-hidden="true"
                  class="MuiSvgIcon-root Carousel-indicatorIcon-9"
                  focusable="false"
                  viewBox="0 0 24 24"
                >
                  <circle
                    cx="12"
                    cy="12"
                    r="8"
                  />
                </svg>
              </span>
              <span
                class="MuiTouchRipple-root"
              />
            </button>
            <button
              class="MuiButtonBase-root MuiIconButton-root Carousel-indicator-8  MuiIconButton-sizeSmall"
              tabindex="0"
              type="button"
            >
              <span
                class="MuiIconButton-label"
              >
                <svg
                  aria-hidden="true"
                  class="MuiSvgIcon-root Carousel-indicatorIcon-9"
                  focusable="false"
                  viewBox="0 0 24 24"
                >
                  <circle
                    cx="12"
                    cy="12"
                    r="8"
                  />
                </svg>
              </span>
              <span
                class="MuiTouchRipple-root"
              />
            </button>
          </div>
        </div>
      </div>
    </div>
    <div
      class="MuiGrid-root makeStyles-bottom-2 MuiGrid-container MuiGrid-item MuiGrid-justify-xs-center MuiGrid-grid-xs-12"
    >
      <a
        href="/terms-and-conditions"
      >
        Get StartedÂ 
      </a>
      <svg
        aria-hidden="true"
        class="MuiSvgIcon-root MuiSvgIcon-fontSizeSmall"
        focusable="false"
        viewBox="0 0 24 24"
      >
        <path
          d="M12 4l-1.41 1.41L16.17 11H4v2h12.17l-5.58 5.59L12 20l8-8z"
        />
      </svg>
    </div>
  </div>
</DocumentFragment>
`;
